Archive member included to satisfy reference by file (symbol)

c:/st/stm32cubeide_1.0.0/stm32cubeide/plugins/com.st.stm32cube.ide.mcu.externaltools.gnu-tools-for-stm32.7-2018-q2-update.win32_1.4.0.202007081208/tools/bin/../lib/gcc/arm-none-eabi/7.3.1/../../../../arm-none-eabi/lib/thumb/v7-m\libc_nano.a(lib_a-errno.o)
                              Core/Src/syscalls.o (__errno)
c:/st/stm32cubeide_1.0.0/stm32cubeide/plugins/com.st.stm32cube.ide.mcu.externaltools.gnu-tools-for-stm32.7-2018-q2-update.win32_1.4.0.202007081208/tools/bin/../lib/gcc/arm-none-eabi/7.3.1/../../../../arm-none-eabi/lib/thumb/v7-m\libc_nano.a(lib_a-exit.o)
                              c:/st/stm32cubeide_1.0.0/stm32cubeide/plugins/com.st.stm32cube.ide.mcu.externaltools.gnu-tools-for-stm32.7-2018-q2-update.win32_1.4.0.202007081208/tools/bin/../lib/gcc/arm-none-eabi/7.3.1/../../../../arm-none-eabi/lib/thumb/v7-m/crt0.o (exit)
c:/st/stm32cubeide_1.0.0/stm32cubeide/plugins/com.st.stm32cube.ide.mcu.externaltools.gnu-tools-for-stm32.7-2018-q2-update.win32_1.4.0.202007081208/tools/bin/../lib/gcc/arm-none-eabi/7.3.1/../../../../arm-none-eabi/lib/thumb/v7-m\libc_nano.a(lib_a-impure.o)
                              c:/st/stm32cubeide_1.0.0/stm32cubeide/plugins/com.st.stm32cube.ide.mcu.externaltools.gnu-tools-for-stm32.7-2018-q2-update.win32_1.4.0.202007081208/tools/bin/../lib/gcc/arm-none-eabi/7.3.1/../../../../arm-none-eabi/lib/thumb/v7-m\libc_nano.a(lib_a-exit.o) (_global_impure_ptr)
c:/st/stm32cubeide_1.0.0/stm32cubeide/plugins/com.st.stm32cube.ide.mcu.externaltools.gnu-tools-for-stm32.7-2018-q2-update.win32_1.4.0.202007081208/tools/bin/../lib/gcc/arm-none-eabi/7.3.1/../../../../arm-none-eabi/lib/thumb/v7-m\libc_nano.a(lib_a-init.o)
                              c:/st/stm32cubeide_1.0.0/stm32cubeide/plugins/com.st.stm32cube.ide.mcu.externaltools.gnu-tools-for-stm32.7-2018-q2-update.win32_1.4.0.202007081208/tools/bin/../lib/gcc/arm-none-eabi/7.3.1/../../../../arm-none-eabi/lib/thumb/v7-m/crt0.o (__libc_init_array)
c:/st/stm32cubeide_1.0.0/stm32cubeide/plugins/com.st.stm32cube.ide.mcu.externaltools.gnu-tools-for-stm32.7-2018-q2-update.win32_1.4.0.202007081208/tools/bin/../lib/gcc/arm-none-eabi/7.3.1/../../../../arm-none-eabi/lib/thumb/v7-m\libc_nano.a(lib_a-memset.o)
                              c:/st/stm32cubeide_1.0.0/stm32cubeide/plugins/com.st.stm32cube.ide.mcu.externaltools.gnu-tools-for-stm32.7-2018-q2-update.win32_1.4.0.202007081208/tools/bin/../lib/gcc/arm-none-eabi/7.3.1/../../../../arm-none-eabi/lib/thumb/v7-m/crt0.o (memset)

Allocating common symbols
Common symbol       size              file

htim4               0x48              Core/Src/main.o
uwTick              0x4               Drivers/STM32F1xx_HAL_Driver/Src/stm32f1xx_hal.o
pFlash              0x20              Drivers/STM32F1xx_HAL_Driver/Src/stm32f1xx_hal_flash.o
hdma_usart1_rx      0x44              Core/Src/main.o
huart1              0x44              Core/Src/main.o
headerInfo          0x30              Core/Src/main.o
Wave                0x2000            Core/Src/main.o
htim2               0x48              Core/Src/main.o
hdma_tim4_ch1       0x44              Core/Src/main.o

Discarded input sections

 .text          0x0000000000000000        0x0 c:/st/stm32cubeide_1.0.0/stm32cubeide/plugins/com.st.stm32cube.ide.mcu.externaltools.gnu-tools-for-stm32.7-2018-q2-update.win32_1.4.0.202007081208/tools/bin/../lib/gcc/arm-none-eabi/7.3.1/thumb/v7-m/crti.o
 .data          0x0000000000000000        0x0 c:/st/stm32cubeide_1.0.0/stm32cubeide/plugins/com.st.stm32cube.ide.mcu.externaltools.gnu-tools-for-stm32.7-2018-q2-update.win32_1.4.0.202007081208/tools/bin/../lib/gcc/arm-none-eabi/7.3.1/thumb/v7-m/crti.o
 .bss           0x0000000000000000        0x0 c:/st/stm32cubeide_1.0.0/stm32cubeide/plugins/com.st.stm32cube.ide.mcu.externaltools.gnu-tools-for-stm32.7-2018-q2-update.win32_1.4.0.202007081208/tools/bin/../lib/gcc/arm-none-eabi/7.3.1/thumb/v7-m/crti.o
 .data          0x0000000000000000        0x4 c:/st/stm32cubeide_1.0.0/stm32cubeide/plugins/com.st.stm32cube.ide.mcu.externaltools.gnu-tools-for-stm32.7-2018-q2-update.win32_1.4.0.202007081208/tools/bin/../lib/gcc/arm-none-eabi/7.3.1/thumb/v7-m/crtbegin.o
 .text          0x0000000000000000       0x74 c:/st/stm32cubeide_1.0.0/stm32cubeide/plugins/com.st.stm32cube.ide.mcu.externaltools.gnu-tools-for-stm32.7-2018-q2-update.win32_1.4.0.202007081208/tools/bin/../lib/gcc/arm-none-eabi/7.3.1/../../../../arm-none-eabi/lib/thumb/v7-m/crt0.o
 .data          0x0000000000000000        0x0 c:/st/stm32cubeide_1.0.0/stm32cubeide/plugins/com.st.stm32cube.ide.mcu.externaltools.gnu-tools-for-stm32.7-2018-q2-update.win32_1.4.0.202007081208/tools/bin/../lib/gcc/arm-none-eabi/7.3.1/../../../../arm-none-eabi/lib/thumb/v7-m/crt0.o
[...]
Memory Configuration

Name             Origin             Length             Attributes
RAM              0x0000000020000000 0x0000000000005000 xrw
FLASH            0x0000000008000000 0x0000000000010000 xr
*default*        0x0000000000000000 0xffffffffffffffff

Linker script and memory map

LOAD c:/st/stm32cubeide_1.0.0/stm32cubeide/plugins/com.st.stm32cube.ide.mcu.externaltools.gnu-tools-for-stm32.7-2018-q2-update.win32_1.4.0.202007081208/tools/bin/../lib/gcc/arm-none-eabi/7.3.1/thumb/v7-m/crti.o
LOAD c:/st/stm32cubeide_1.0.0/stm32cubeide/plugins/com.st.stm32cube.ide.mcu.externaltools.gnu-tools-for-stm32.7-2018-q2-update.win32_1.4.0.202007081208/tools/bin/../lib/gcc/arm-none-eabi/7.3.1/thumb/v7-m/crtbegin.o
LOAD c:/st/stm32cubeide_1.0.0/stm32cubeide/plugins/com.st.stm32cube.ide.mcu.externaltools.gnu-tools-for-stm32.7-2018-q2-update.win32_1.4.0.202007081208/tools/bin/../lib/gcc/arm-none-eabi/7.3.1/../../../../arm-none-eabi/lib/thumb/v7-m/crt0.o
LOAD Core/Src/main.o
LOAD Core/Src/stm32f1xx_hal_msp.o
LOAD Core/Src/stm32f1xx_it.o
LOAD Core/Src/syscalls.o
LOAD Core/Src/sysmem.o
LOAD Core/Src/system_stm32f1xx.o
LOAD Core/Src/task.o
LOAD Core/Startup/startup_stm32f103c8tx.o
LOAD Drivers/STM32F1xx_HAL_Driver/Src/stm32f1xx_hal.o
LOAD Drivers/STM32F1xx_HAL_Driver/Src/stm32f1xx_hal_cortex.o
LOAD Drivers/STM32F1xx_HAL_Driver/Src/stm32f1xx_hal_dma.o
LOAD Drivers/STM32F1xx_HAL_Driver/Src/stm32f1xx_hal_exti.o
LOAD Drivers/STM32F1xx_HAL_Driver/Src/stm32f1xx_hal_flash.o
LOAD Drivers/STM32F1xx_HAL_Driver/Src/stm32f1xx_hal_flash_ex.o
LOAD Drivers/STM32F1xx_HAL_Driver/Src/stm32f1xx_hal_gpio.o
LOAD Drivers/STM32F1xx_HAL_Driver/Src/stm32f1xx_hal_gpio_ex.o
LOAD Drivers/STM32F1xx_HAL_Driver/Src/stm32f1xx_hal_pwr.o
LOAD Drivers/STM32F1xx_HAL_Driver/Src/stm32f1xx_hal_rcc.o
LOAD Drivers/STM32F1xx_HAL_Driver/Src/stm32f1xx_hal_rcc_ex.o
LOAD Drivers/STM32F1xx_HAL_Driver/Src/stm32f1xx_hal_tim.o
LOAD Drivers/STM32F1xx_HAL_Driver/Src/stm32f1xx_hal_tim_ex.o
LOAD Drivers/STM32F1xx_HAL_Driver/Src/stm32f1xx_hal_uart.o
START GROUP
LOAD c:/st/stm32cubeide_1.0.0/stm32cubeide/plugins/com.st.stm32cube.ide.mcu.externaltools.gnu-tools-for-stm32.7-2018-q2-update.win32_1.4.0.202007081208/tools/bin/../lib/gcc/arm-none-eabi/7.3.1/../../../../arm-none-eabi/lib/thumb/v7-m\libc_nano.a
LOAD c:/st/stm32cubeide_1.0.0/stm32cubeide/plugins/com.st.stm32cube.ide.mcu.externaltools.gnu-tools-for-stm32.7-2018-q2-update.win32_1.4.0.202007081208/tools/bin/../lib/gcc/arm-none-eabi/7.3.1/../../../../arm-none-eabi/lib/thumb/v7-m\libm.a
END GROUP
START GROUP
LOAD c:/st/stm32cubeide_1.0.0/stm32cubeide/plugins/com.st.stm32cube.ide.mcu.externaltools.gnu-tools-for-stm32.7-2018-q2-update.win32_1.4.0.202007081208/tools/bin/../lib/gcc/arm-none-eabi/7.3.1/thumb/v7-m\libgcc.a
LOAD c:/st/stm32cubeide_1.0.0/stm32cubeide/plugins/com.st.stm32cube.ide.mcu.externaltools.gnu-tools-for-stm32.7-2018-q2-update.win32_1.4.0.202007081208/tools/bin/../lib/gcc/arm-none-eabi/7.3.1/../../../../arm-none-eabi/lib/thumb/v7-m\libc_nano.a
END GROUP
START GROUP
LOAD c:/st/stm32cubeide_1.0.0/stm32cubeide/plugins/com.st.stm32cube.ide.mcu.externaltools.gnu-tools-for-stm32.7-2018-q2-update.win32_1.4.0.202007081208/tools/bin/../lib/gcc/arm-none-eabi/7.3.1/thumb/v7-m\libgcc.a
LOAD c:/st/stm32cubeide_1.0.0/stm32cubeide/plugins/com.st.stm32cube.ide.mcu.externaltools.gnu-tools-for-stm32.7-2018-q2-update.win32_1.4.0.202007081208/tools/bin/../lib/gcc/arm-none-eabi/7.3.1/../../../../arm-none-eabi/lib/thumb/v7-m\libc_nano.a
LOAD c:/st/stm32cubeide_1.0.0/stm32cubeide/plugins/com.st.stm32cube.ide.mcu.externaltools.gnu-tools-for-stm32.7-2018-q2-update.win32_1.4.0.202007081208/tools/bin/../lib/gcc/arm-none-eabi/7.3.1/../../../../arm-none-eabi/lib/thumb/v7-m\libnosys.a
END GROUP
START GROUP
LOAD c:/st/stm32cubeide_1.0.0/stm32cubeide/plugins/com.st.stm32cube.ide.mcu.externaltools.gnu-tools-for-stm32.7-2018-q2-update.win32_1.4.0.202007081208/tools/bin/../lib/gcc/arm-none-eabi/7.3.1/thumb/v7-m\libgcc.a
LOAD c:/st/stm32cubeide_1.0.0/stm32cubeide/plugins/com.st.stm32cube.ide.mcu.externaltools.gnu-tools-for-stm32.7-2018-q2-update.win32_1.4.0.202007081208/tools/bin/../lib/gcc/arm-none-eabi/7.3.1/../../../../arm-none-eabi/lib/thumb/v7-m\libc_nano.a
LOAD c:/st/stm32cubeide_1.0.0/stm32cubeide/plugins/com.st.stm32cube.ide.mcu.externaltools.gnu-tools-for-stm32.7-2018-q2-update.win32_1.4.0.202007081208/tools/bin/../lib/gcc/arm-none-eabi/7.3.1/../../../../arm-none-eabi/lib/thumb/v7-m\libnosys.a
END GROUP
LOAD c:/st/stm32cubeide_1.0.0/stm32cubeide/plugins/com.st.stm32cube.ide.mcu.externaltools.gnu-tools-for-stm32.7-2018-q2-update.win32_1.4.0.202007081208/tools/bin/../lib/gcc/arm-none-eabi/7.3.1/thumb/v7-m/crtend.o
LOAD c:/st/stm32cubeide_1.0.0/stm32cubeide/plugins/com.st.stm32cube.ide.mcu.externaltools.gnu-tools-for-stm32.7-2018-q2-update.win32_1.4.0.202007081208/tools/bin/../lib/gcc/arm-none-eabi/7.3.1/thumb/v7-m/crtn.o
                0x0000000020005000                _estack = (ORIGIN (RAM) + LENGTH (RAM))
                0x0000000000000200                _Min_Heap_Size = 0x200
                0x0000000000000400                _Min_Stack_Size = 0x400

.isr_vector     0x0000000008000000      0x10c
                0x0000000008000000                . = ALIGN (0x4)
 *(.isr_vector)
 .isr_vector    0x0000000008000000      0x10c Core/Startup/startup_stm32f103c8tx.o
                0x0000000008000000                g_pfnVectors
                0x000000000800010c                . = ALIGN (0x4)

.text           0x000000000800010c     0x3464
                0x000000000800010c                . = ALIGN (0x4)
 *(.text)
 .text          0x000000000800010c       0x40 c:/st/stm32cubeide_1.0.0/stm32cubeide/plugins/com.st.stm32cube.ide.mcu.externaltools.gnu-tools-for-stm32.7-2018-q2-update.win32_1.4.0.202007081208/tools/bin/../lib/gcc/arm-none-eabi/7.3.1/thumb/v7-m/crtbegin.o
 *(.text*)
 .text.MyEvent1
                0x000000000800014c       0x80 Core/Src/main.o
                0x000000000800014c                MyEvent1
 .text.Stop     0x00000000080001cc       0x90 Core/Src/main.o
                0x00000000080001cc                Stop
 .text.play     0x000000000800025c      0x1a4 Core/Src/main.o
                0x000000000800025c                play
 .text.pause    0x0000000008000400       0x20 Core/Src/main.o
                0x0000000008000400                pause
 .text.Next     0x0000000008000420       0x94 Core/Src/main.o
                0x0000000008000420                Next
 .text.main     0x00000000080004b4      0x138 Core/Src/main.o
                0x00000000080004b4                main
 .text.SystemClock_Config
                0x00000000080005ec       0x8a Core/Src/main.o
                0x00000000080005ec                SystemClock_Config
 *fill*         0x0000000008000676        0x2 
 .text.MX_TIM2_Init
                0x0000000008000678       0xe8 Core/Src/main.o
 .text.MX_TIM4_Init
                0x0000000008000760       0xe4 Core/Src/main.o
 .text.MX_USART1_UART_Init
                0x0000000008000844       0x54 Core/Src/main.o
 .text.MX_DMA_Init
                0x0000000008000898       0x4c Core/Src/main.o
 .text.MX_GPIO_Init
                0x00000000080008e4       0xa4 Core/Src/main.o
 .text.Error_Handler
                0x0000000008000988        0xc Core/Src/main.o
                0x0000000008000988                Error_Handler
 .text.HAL_MspInit
                0x0000000008000994       0x64 Core/Src/stm32f1xx_hal_msp.o
                0x0000000008000994                HAL_MspInit
 .text.HAL_TIM_Base_MspInit
                0x00000000080009f8       0xb8 Core/Src/stm32f1xx_hal_msp.o
                0x00000000080009f8                HAL_TIM_Base_MspInit
 .text.HAL_TIM_MspPostInit
                0x0000000008000ab0       0x60 Core/Src/stm32f1xx_hal_msp.o
                0x0000000008000ab0                HAL_TIM_MspPostInit
 .text.HAL_UART_MspInit
                0x0000000008000b10       0xf0 Core/Src/stm32f1xx_hal_msp.o
                0x0000000008000b10                HAL_UART_MspInit
 .text.NMI_Handler
                0x0000000008000c00        0xc Core/Src/stm32f1xx_it.o
                0x0000000008000c00                NMI_Handler
 .text.HardFault_Handler
                0x0000000008000c0c        0x6 Core/Src/stm32f1xx_it.o
                0x0000000008000c0c                HardFault_Handler
 .text.MemManage_Handler
                0x0000000008000c12        0x6 Core/Src/stm32f1xx_it.o
                0x0000000008000c12                MemManage_Handler
 .text.BusFault_Handler
                0x0000000008000c18        0x6 Core/Src/stm32f1xx_it.o
                0x0000000008000c18                BusFault_Handler
 .text.UsageFault_Handler
                0x0000000008000c1e        0x6 Core/Src/stm32f1xx_it.o
                0x0000000008000c1e                UsageFault_Handler
 .text.SVC_Handler
                0x0000000008000c24        0xc Core/Src/stm32f1xx_it.o
                0x0000000008000c24                SVC_Handler
 .text.DebugMon_Handler
                0x0000000008000c30        0xc Core/Src/stm32f1xx_it.o
                0x0000000008000c30                DebugMon_Handler
 .text.PendSV_Handler
                0x0000000008000c3c        0xc Core/Src/stm32f1xx_it.o
                0x0000000008000c3c                PendSV_Handler
 .text.SysTick_Handler
                0x0000000008000c48        0xc Core/Src/stm32f1xx_it.o
                0x0000000008000c48                SysTick_Handler
 .text.DMA1_Channel1_IRQHandler
                0x0000000008000c54       0x14 Core/Src/stm32f1xx_it.o
                0x0000000008000c54                DMA1_Channel1_IRQHandler
 .text.DMA1_Channel5_IRQHandler
                0x0000000008000c68       0x14 Core/Src/stm32f1xx_it.o
                0x0000000008000c68                DMA1_Channel5_IRQHandler
 .text.SystemInit
                0x0000000008000c7c        0xc Core/Src/system_stm32f1xx.o
                0x0000000008000c7c                SystemInit
 .text.HAL_UART_RxCpltCallback
                0x0000000008000c88       0x2c Core/Src/task.o
                0x0000000008000c88                HAL_UART_RxCpltCallback
 .text.HAL_UART_ErrorCallback
                0x0000000008000cb4       0x12 Core/Src/task.o
                0x0000000008000cb4                HAL_UART_ErrorCallback
 *fill*         0x0000000008000cc6        0x2 
 .text.Reset_Handler
                0x0000000008000cc8       0x48 Core/Startup/startup_stm32f103c8tx.o
                0x0000000008000cc8                Reset_Handler
 .text.Default_Handler
                0x0000000008000d10        0x2 Core/Startup/startup_stm32f103c8tx.o
                0x0000000008000d10                RTC_Alarm_IRQHandler
                0x0000000008000d10                EXTI2_IRQHandler
                0x0000000008000d10                TIM1_CC_IRQHandler
                0x0000000008000d10                PVD_IRQHandler
                0x0000000008000d10                EXTI3_IRQHandler
                0x0000000008000d10                EXTI0_IRQHandler
                0x0000000008000d10                I2C2_EV_IRQHandler
                0x0000000008000d10                ADC1_2_IRQHandler
                0x0000000008000d10                SPI1_IRQHandler
                0x0000000008000d10                TAMPER_IRQHandler
                0x0000000008000d10                DMA1_Channel4_IRQHandler
                0x0000000008000d10                USART3_IRQHandler
                0x0000000008000d10                RTC_IRQHandler
                0x0000000008000d10                DMA1_Channel7_IRQHandler
                0x0000000008000d10                CAN1_RX1_IRQHandler
                0x0000000008000d10                TIM4_IRQHandler
                0x0000000008000d10                I2C1_EV_IRQHandler
                0x0000000008000d10                DMA1_Channel6_IRQHandler
                0x0000000008000d10                TIM3_IRQHandler
                0x0000000008000d10                RCC_IRQHandler
                0x0000000008000d10                TIM1_TRG_COM_IRQHandler
                0x0000000008000d10                Default_Handler
                0x0000000008000d10                EXTI15_10_IRQHandler
                0x0000000008000d10                EXTI9_5_IRQHandler
                0x0000000008000d10                SPI2_IRQHandler
                0x0000000008000d10                EXTI4_IRQHandler
                0x0000000008000d10                USB_LP_CAN1_RX0_IRQHandler
                0x0000000008000d10                USB_HP_CAN1_TX_IRQHandler
                0x0000000008000d10                DMA1_Channel3_IRQHandler
                0x0000000008000d10                TIM1_UP_IRQHandler
                0x0000000008000d10                WWDG_IRQHandler
                0x0000000008000d10                TIM2_IRQHandler
                0x0000000008000d10                TIM1_BRK_IRQHandler
                0x0000000008000d10                EXTI1_IRQHandler
                0x0000000008000d10                USART2_IRQHandler
                0x0000000008000d10                I2C2_ER_IRQHandler
                0x0000000008000d10                DMA1_Channel2_IRQHandler
                0x0000000008000d10                CAN1_SCE_IRQHandler
                0x0000000008000d10                FLASH_IRQHandler
                0x0000000008000d10                USART1_IRQHandler
                0x0000000008000d10                I2C1_ER_IRQHandler
                0x0000000008000d10                USBWakeUp_IRQHandler
 *fill*         0x0000000008000d12        0x2 
 .text.HAL_Init
                0x0000000008000d14       0x2c Drivers/STM32F1xx_HAL_Driver/Src/stm32f1xx_hal.o
                0x0000000008000d14                HAL_Init
 .text.HAL_InitTick
                0x0000000008000d40       0x60 Drivers/STM32F1xx_HAL_Driver/Src/stm32f1xx_hal.o
                0x0000000008000d40                HAL_InitTick
 .text.HAL_IncTick
                0x0000000008000da0       0x24 Drivers/STM32F1xx_HAL_Driver/Src/stm32f1xx_hal.o
                0x0000000008000da0                HAL_IncTick
 .text.HAL_GetTick
                0x0000000008000dc4       0x14 Drivers/STM32F1xx_HAL_Driver/Src/stm32f1xx_hal.o
                0x0000000008000dc4                HAL_GetTick
 .text.HAL_Delay
                0x0000000008000dd8       0x44 Drivers/STM32F1xx_HAL_Driver/Src/stm32f1xx_hal.o
                0x0000000008000dd8                HAL_Delay
 .text.__NVIC_SetPriorityGrouping
                0x0000000008000e1c       0x48 Drivers/STM32F1xx_HAL_Driver/Src/stm32f1xx_hal_cortex.o
 .text.__NVIC_GetPriorityGrouping
                0x0000000008000e64       0x1c Drivers/STM32F1xx_HAL_Driver/Src/stm32f1xx_hal_cortex.o
 .text.__NVIC_EnableIRQ
                0x0000000008000e80       0x38 Drivers/STM32F1xx_HAL_Driver/Src/stm32f1xx_hal_cortex.o
 .text.__NVIC_SetPriority
                0x0000000008000eb8       0x54 Drivers/STM32F1xx_HAL_Driver/Src/stm32f1xx_hal_cortex.o
 .text.NVIC_EncodePriority
                0x0000000008000f0c       0x64 Drivers/STM32F1xx_HAL_Driver/Src/stm32f1xx_hal_cortex.o
 .text.SysTick_Config
                0x0000000008000f70       0x44 Drivers/STM32F1xx_HAL_Driver/Src/stm32f1xx_hal_cortex.o
 .text.HAL_NVIC_SetPriorityGrouping
                0x0000000008000fb4       0x16 Drivers/STM32F1xx_HAL_Driver/Src/stm32f1xx_hal_cortex.o
                0x0000000008000fb4                HAL_NVIC_SetPriorityGrouping
 .text.HAL_NVIC_SetPriority
                0x0000000008000fca       0x38 Drivers/STM32F1xx_HAL_Driver/Src/stm32f1xx_hal_cortex.o
                0x0000000008000fca                HAL_NVIC_SetPriority
 .text.HAL_NVIC_EnableIRQ
                0x0000000008001002       0x1c Drivers/STM32F1xx_HAL_Driver/Src/stm32f1xx_hal_cortex.o
                0x0000000008001002                HAL_NVIC_EnableIRQ
 .text.HAL_SYSTICK_Config
                0x000000000800101e       0x18 Drivers/STM32F1xx_HAL_Driver/Src/stm32f1xx_hal_cortex.o
                0x000000000800101e                HAL_SYSTICK_Config
 *fill*         0x0000000008001036        0x2 
 .text.HAL_DMA_Init
                0x0000000008001038       0xb4 Drivers/STM32F1xx_HAL_Driver/Src/stm32f1xx_hal_dma.o
                0x0000000008001038                HAL_DMA_Init
 .text.HAL_DMA_Start_IT
                0x00000000080010ec       0xbe Drivers/STM32F1xx_HAL_Driver/Src/stm32f1xx_hal_dma.o
                0x00000000080010ec                HAL_DMA_Start_IT
 .text.HAL_DMA_Abort
                0x00000000080011aa       0x74 Drivers/STM32F1xx_HAL_Driver/Src/stm32f1xx_hal_dma.o
                0x00000000080011aa                HAL_DMA_Abort
 *fill*         0x000000000800121e        0x2 
 .text.HAL_DMA_IRQHandler
                0x0000000008001220      0x20c Drivers/STM32F1xx_HAL_Driver/Src/stm32f1xx_hal_dma.o
                0x0000000008001220                HAL_DMA_IRQHandler
 .text.HAL_DMA_RegisterCallback
                0x000000000800142c       0x90 Drivers/STM32F1xx_HAL_Driver/Src/stm32f1xx_hal_dma.o
                0x000000000800142c                HAL_DMA_RegisterCallback
 .text.DMA_SetConfig
                0x00000000080014bc       0x5a Drivers/STM32F1xx_HAL_Driver/Src/stm32f1xx_hal_dma.o
 *fill*         0x0000000008001516        0x2 
 .text.HAL_GPIO_Init
                0x0000000008001518      0x2b4 Drivers/STM32F1xx_HAL_Driver/Src/stm32f1xx_hal_gpio.o
                0x0000000008001518                HAL_GPIO_Init
 .text.HAL_GPIO_ReadPin
                0x00000000080017cc       0x2e Drivers/STM32F1xx_HAL_Driver/Src/stm32f1xx_hal_gpio.o
                0x00000000080017cc                HAL_GPIO_ReadPin
 *fill*         0x00000000080017fa        0x2 
 .text.HAL_RCC_OscConfig
                0x00000000080017fc      0x500 Drivers/STM32F1xx_HAL_Driver/Src/stm32f1xx_hal_rcc.o
                0x00000000080017fc                HAL_RCC_OscConfig
 .text.HAL_RCC_ClockConfig
                0x0000000008001cfc      0x1d4 Drivers/STM32F1xx_HAL_Driver/Src/stm32f1xx_hal_rcc.o
                0x0000000008001cfc                HAL_RCC_ClockConfig
 .text.HAL_RCC_GetSysClockFreq
                0x0000000008001ed0       0xc4 Drivers/STM32F1xx_HAL_Driver/Src/stm32f1xx_hal_rcc.o
                0x0000000008001ed0                HAL_RCC_GetSysClockFreq
 .text.HAL_RCC_GetHCLKFreq
                0x0000000008001f94       0x14 Drivers/STM32F1xx_HAL_Driver/Src/stm32f1xx_hal_rcc.o
                0x0000000008001f94                HAL_RCC_GetHCLKFreq
 .text.HAL_RCC_GetPCLK1Freq
                0x0000000008001fa8       0x28 Drivers/STM32F1xx_HAL_Driver/Src/stm32f1xx_hal_rcc.o
                0x0000000008001fa8                HAL_RCC_GetPCLK1Freq
 .text.HAL_RCC_GetPCLK2Freq
                0x0000000008001fd0       0x28 Drivers/STM32F1xx_HAL_Driver/Src/stm32f1xx_hal_rcc.o
                0x0000000008001fd0                HAL_RCC_GetPCLK2Freq
 .text.RCC_Delay
                0x0000000008001ff8       0x3c Drivers/STM32F1xx_HAL_Driver/Src/stm32f1xx_hal_rcc.o
 .text.HAL_TIM_Base_Init
                0x0000000008002034       0x9e Drivers/STM32F1xx_HAL_Driver/Src/stm32f1xx_hal_tim.o
                0x0000000008002034                HAL_TIM_Base_Init
 .text.HAL_TIM_OC_Init
                0x00000000080020d2       0x9e Drivers/STM32F1xx_HAL_Driver/Src/stm32f1xx_hal_tim.o
                0x00000000080020d2                HAL_TIM_OC_Init
 .text.HAL_TIM_OC_MspInit
                0x0000000008002170       0x12 Drivers/STM32F1xx_HAL_Driver/Src/stm32f1xx_hal_tim.o
                0x0000000008002170                HAL_TIM_OC_MspInit
 *fill*         0x0000000008002182        0x2 
 .text.HAL_TIM_OC_Start
                0x0000000008002184      0x144 Drivers/STM32F1xx_HAL_Driver/Src/stm32f1xx_hal_tim.o
                0x0000000008002184                HAL_TIM_OC_Start
 .text.HAL_TIM_PWM_Init
                0x00000000080022c8       0x9e Drivers/STM32F1xx_HAL_Driver/Src/stm32f1xx_hal_tim.o
                0x00000000080022c8                HAL_TIM_PWM_Init
 .text.HAL_TIM_PWM_MspInit
                0x0000000008002366       0x12 Drivers/STM32F1xx_HAL_Driver/Src/stm32f1xx_hal_tim.o
                0x0000000008002366                HAL_TIM_PWM_MspInit
 .text.HAL_TIM_PWM_Start
                0x0000000008002378      0x144 Drivers/STM32F1xx_HAL_Driver/Src/stm32f1xx_hal_tim.o
                0x0000000008002378                HAL_TIM_PWM_Start
 .text.HAL_TIM_OC_ConfigChannel
                0x00000000080024bc       0xb0 Drivers/STM32F1xx_HAL_Driver/Src/stm32f1xx_hal_tim.o
                0x00000000080024bc                HAL_TIM_OC_ConfigChannel
 .text.HAL_TIM_PWM_ConfigChannel
                0x000000000800256c      0x17c Drivers/STM32F1xx_HAL_Driver/Src/stm32f1xx_hal_tim.o
                0x000000000800256c                HAL_TIM_PWM_ConfigChannel
 .text.HAL_TIM_ConfigClockSource
                0x00000000080026e8      0x16e Drivers/STM32F1xx_HAL_Driver/Src/stm32f1xx_hal_tim.o
                0x00000000080026e8                HAL_TIM_ConfigClockSource
 *fill*         0x0000000008002856        0x2 
 .text.TIM_Base_SetConfig
                0x0000000008002858       0xc4 Drivers/STM32F1xx_HAL_Driver/Src/stm32f1xx_hal_tim.o
                0x0000000008002858                TIM_Base_SetConfig
 .text.TIM_OC1_SetConfig
                0x000000000800291c       0xcc Drivers/STM32F1xx_HAL_Driver/Src/stm32f1xx_hal_tim.o
 .text.TIM_OC2_SetConfig
                0x00000000080029e8       0xd4 Drivers/STM32F1xx_HAL_Driver/Src/stm32f1xx_hal_tim.o
                0x00000000080029e8                TIM_OC2_SetConfig
 .text.TIM_OC3_SetConfig
                0x0000000008002abc       0xd4 Drivers/STM32F1xx_HAL_Driver/Src/stm32f1xx_hal_tim.o
 .text.TIM_OC4_SetConfig
                0x0000000008002b90       0x9c Drivers/STM32F1xx_HAL_Driver/Src/stm32f1xx_hal_tim.o
 .text.TIM_TI1_ConfigInputStage
                0x0000000008002c2c       0x5c Drivers/STM32F1xx_HAL_Driver/Src/stm32f1xx_hal_tim.o
 .text.TIM_TI2_ConfigInputStage
                0x0000000008002c88       0x5e Drivers/STM32F1xx_HAL_Driver/Src/stm32f1xx_hal_tim.o
 .text.TIM_ITRx_SetConfig
                0x0000000008002ce6       0x34 Drivers/STM32F1xx_HAL_Driver/Src/stm32f1xx_hal_tim.o
 .text.TIM_ETR_SetConfig
                0x0000000008002d1a       0x3e Drivers/STM32F1xx_HAL_Driver/Src/stm32f1xx_hal_tim.o
                0x0000000008002d1a                TIM_ETR_SetConfig
 .text.TIM_CCxChannelCmd
                0x0000000008002d58       0x48 Drivers/STM32F1xx_HAL_Driver/Src/stm32f1xx_hal_tim.o
                0x0000000008002d58                TIM_CCxChannelCmd
 .text.HAL_TIMEx_MasterConfigSynchronization
                0x0000000008002da0       0xbc Drivers/STM32F1xx_HAL_Driver/Src/stm32f1xx_hal_tim_ex.o
                0x0000000008002da0                HAL_TIMEx_MasterConfigSynchronization
 .text.HAL_UART_Init
                0x0000000008002e5c       0x9a Drivers/STM32F1xx_HAL_Driver/Src/stm32f1xx_hal_uart.o
                0x0000000008002e5c                HAL_UART_Init
 .text.HAL_UART_Transmit
                0x0000000008002ef6      0x124 Drivers/STM32F1xx_HAL_Driver/Src/stm32f1xx_hal_uart.o
                0x0000000008002ef6                HAL_UART_Transmit
 .text.HAL_UART_Receive_DMA
                0x000000000800301a       0x60 Drivers/STM32F1xx_HAL_Driver/Src/stm32f1xx_hal_uart.o
                0x000000000800301a                HAL_UART_Receive_DMA
 .text.HAL_UART_RxHalfCpltCallback
                0x000000000800307a       0x12 Drivers/STM32F1xx_HAL_Driver/Src/stm32f1xx_hal_uart.o
                0x000000000800307a                HAL_UART_RxHalfCpltCallback
 .text.HAL_UARTEx_RxEventCallback
                0x000000000800308c       0x16 Drivers/STM32F1xx_HAL_Driver/Src/stm32f1xx_hal_uart.o
                0x000000000800308c                HAL_UARTEx_RxEventCallback
 .text.UART_DMAReceiveCplt
                0x00000000080030a2       0x96 Drivers/STM32F1xx_HAL_Driver/Src/stm32f1xx_hal_uart.o
 .text.UART_DMARxHalfCplt
                0x0000000008003138       0x36 Drivers/STM32F1xx_HAL_Driver/Src/stm32f1xx_hal_uart.o
 .text.UART_DMAError
                0x000000000800316e       0x94 Drivers/STM32F1xx_HAL_Driver/Src/stm32f1xx_hal_uart.o
 .text.UART_WaitOnFlagUntilTimeout
                0x0000000008003202       0x94 Drivers/STM32F1xx_HAL_Driver/Src/stm32f1xx_hal_uart.o
 *fill*         0x0000000008003296        0x2 
 .text.UART_Start_Receive_DMA
                0x0000000008003298       0xc8 Drivers/STM32F1xx_HAL_Driver/Src/stm32f1xx_hal_uart.o
                0x0000000008003298                UART_Start_Receive_DMA
 .text.UART_EndTxTransfer
                0x0000000008003360       0x2a Drivers/STM32F1xx_HAL_Driver/Src/stm32f1xx_hal_uart.o
 .text.UART_EndRxTransfer
                0x000000000800338a       0x58 Drivers/STM32F1xx_HAL_Driver/Src/stm32f1xx_hal_uart.o
 *fill*         0x00000000080033e2        0x2 
 .text.UART_SetConfig
                0x00000000080033e4      0x11c Drivers/STM32F1xx_HAL_Driver/Src/stm32f1xx_hal_uart.o
 .text.__libc_init_array
                0x0000000008003500       0x48 c:/st/stm32cubeide_1.0.0/stm32cubeide/plugins/com.st.stm32cube.ide.mcu.externaltools.gnu-tools-for-stm32.7-2018-q2-update.win32_1.4.0.202007081208/tools/bin/../lib/gcc/arm-none-eabi/7.3.1/../../../../arm-none-eabi/lib/thumb/v7-m\libc_nano.a(lib_a-init.o)
                0x0000000008003500                __libc_init_array
 .text.memset   0x0000000008003548       0x10 c:/st/stm32cubeide_1.0.0/stm32cubeide/plugins/com.st.stm32cube.ide.mcu.externaltools.gnu-tools-for-stm32.7-2018-q2-update.win32_1.4.0.202007081208/tools/bin/../lib/gcc/arm-none-eabi/7.3.1/../../../../arm-none-eabi/lib/thumb/v7-m\libc_nano.a(lib_a-memset.o)
                0x0000000008003548                memset
 *(.glue_7)
 .glue_7        0x0000000008003558        0x0 linker stubs
 *(.glue_7t)
 .glue_7t       0x0000000008003558        0x0 linker stubs
 *(.eh_frame)
 .eh_frame      0x0000000008003558        0x0 c:/st/stm32cubeide_1.0.0/stm32cubeide/plugins/com.st.stm32cube.ide.mcu.externaltools.gnu-tools-for-stm32.7-2018-q2-update.win32_1.4.0.202007081208/tools/bin/../lib/gcc/arm-none-eabi/7.3.1/thumb/v7-m/crtbegin.o
 *(.init)
 .init          0x0000000008003558        0x4 c:/st/stm32cubeide_1.0.0/stm32cubeide/plugins/com.st.stm32cube.ide.mcu.externaltools.gnu-tools-for-stm32.7-2018-q2-update.win32_1.4.0.202007081208/tools/bin/../lib/gcc/arm-none-eabi/7.3.1/thumb/v7-m/crti.o
                0x0000000008003558                _init
 .init          0x000000000800355c        0x8 c:/st/stm32cubeide_1.0.0/stm32cubeide/plugins/com.st.stm32cube.ide.mcu.externaltools.gnu-tools-for-stm32.7-2018-q2-update.win32_1.4.0.202007081208/tools/bin/../lib/gcc/arm-none-eabi/7.3.1/thumb/v7-m/crtn.o
 *(.fini)
 .fini          0x0000000008003564        0x4 c:/st/stm32cubeide_1.0.0/stm32cubeide/plugins/com.st.stm32cube.ide.mcu.externaltools.gnu-tools-for-stm32.7-2018-q2-update.win32_1.4.0.202007081208/tools/bin/../lib/gcc/arm-none-eabi/7.3.1/thumb/v7-m/crti.o
                0x0000000008003564                _fini
 .fini          0x0000000008003568        0x8 c:/st/stm32cubeide_1.0.0/stm32cubeide/plugins/com.st.stm32cube.ide.mcu.externaltools.gnu-tools-for-stm32.7-2018-q2-update.win32_1.4.0.202007081208/tools/bin/../lib/gcc/arm-none-eabi/7.3.1/thumb/v7-m/crtn.o
                0x0000000008003570                . = ALIGN (0x4)
                0x0000000008003570                _etext = .

.vfp11_veneer   0x0000000008003570        0x0
 .vfp11_veneer  0x0000000008003570        0x0 linker stubs

.v4_bx          0x0000000008003570        0x0
 .v4_bx         0x0000000008003570        0x0 linker stubs

.iplt           0x0000000008003570        0x0
 .iplt          0x0000000008003570        0x0 c:/st/stm32cubeide_1.0.0/stm32cubeide/plugins/com.st.stm32cube.ide.mcu.externaltools.gnu-tools-for-stm32.7-2018-q2-update.win32_1.4.0.202007081208/tools/bin/../lib/gcc/arm-none-eabi/7.3.1/thumb/v7-m/crtbegin.o

.rodata         0x0000000008003570       0x40
                0x0000000008003570                . = ALIGN (0x4)
 *(.rodata)
 .rodata        0x0000000008003570       0x12 Core/Src/main.o
 *fill*         0x0000000008003582        0x2 
 .rodata        0x0000000008003584       0x12 Drivers/STM32F1xx_HAL_Driver/Src/stm32f1xx_hal_rcc.o
 *(.rodata*)
 *fill*         0x0000000008003596        0x2 
 .rodata.AHBPrescTable
                0x0000000008003598       0x10 Core/Src/system_stm32f1xx.o
                0x0000000008003598                AHBPrescTable
 .rodata.APBPrescTable
                0x00000000080035a8        0x8 Core/Src/system_stm32f1xx.o
                0x00000000080035a8                APBPrescTable
                0x00000000080035b0                . = ALIGN (0x4)

.rel.dyn        0x00000000080035b0        0x0
 .rel.iplt      0x00000000080035b0        0x0 c:/st/stm32cubeide_1.0.0/stm32cubeide/plugins/com.st.stm32cube.ide.mcu.externaltools.gnu-tools-for-stm32.7-2018-q2-update.win32_1.4.0.202007081208/tools/bin/../lib/gcc/arm-none-eabi/7.3.1/thumb/v7-m/crtbegin.o

.ARM.extab      0x00000000080035b0        0x0
                0x00000000080035b0                . = ALIGN (0x4)
 *(.ARM.extab* .gnu.linkonce.armextab.*)
                0x00000000080035b0                . = ALIGN (0x4)

.ARM            0x00000000080035b0        0x0
                0x00000000080035b0                . = ALIGN (0x4)
                0x00000000080035b0                __exidx_start = .
 *(.ARM.exidx*)
                0x00000000080035b0                __exidx_end = .
                0x00000000080035b0                . = ALIGN (0x4)

.preinit_array  0x00000000080035b0        0x0
                0x00000000080035b0                . = ALIGN (0x4)
                0x00000000080035b0                PROVIDE (__preinit_array_start = .)
 *(.preinit_array*)
                0x00000000080035b0                PROVIDE (__preinit_array_end = .)
                0x00000000080035b0                . = ALIGN (0x4)

.init_array     0x00000000080035b0        0x4
                0x00000000080035b0                . = ALIGN (0x4)
                0x00000000080035b0                PROVIDE (__init_array_start = .)
 *(SORT_BY_NAME(.init_array.*))
 *(.init_array*)
 .init_array    0x00000000080035b0        0x4 c:/st/stm32cubeide_1.0.0/stm32cubeide/plugins/com.st.stm32cube.ide.mcu.externaltools.gnu-tools-for-stm32.7-2018-q2-update.win32_1.4.0.202007081208/tools/bin/../lib/gcc/arm-none-eabi/7.3.1/thumb/v7-m/crtbegin.o
                0x00000000080035b4                PROVIDE (__init_array_end = .)
                0x00000000080035b4                . = ALIGN (0x4)

.fini_array     0x00000000080035b4        0x4
                0x00000000080035b4                . = ALIGN (0x4)
                [!provide]                        PROVIDE (__fini_array_start = .)
 *(SORT_BY_NAME(.fini_array.*))
 *(.fini_array*)
 .fini_array    0x00000000080035b4        0x4 c:/st/stm32cubeide_1.0.0/stm32cubeide/plugins/com.st.stm32cube.ide.mcu.externaltools.gnu-tools-for-stm32.7-2018-q2-update.win32_1.4.0.202007081208/tools/bin/../lib/gcc/arm-none-eabi/7.3.1/thumb/v7-m/crtbegin.o
                [!provide]                        PROVIDE (__fini_array_end = .)
                0x00000000080035b8                . = ALIGN (0x4)
                0x00000000080035b8                _sidata = LOADADDR (.data)

.data           0x0000000020000000       0x10 load address 0x00000000080035b8
                0x0000000020000000                . = ALIGN (0x4)
                0x0000000020000000                _sdata = .
 *(.data)
 *(.data*)
 .data.fp       0x0000000020000000        0x1 Core/Src/main.o
                0x0000000020000000                fp
 .data.btn_flag
                0x0000000020000001        0x1 Core/Src/main.o
                0x0000000020000001                btn_flag
 *fill*         0x0000000020000002        0x2 
 .data.SystemCoreClock
                0x0000000020000004        0x4 Core/Src/system_stm32f1xx.o
                0x0000000020000004                SystemCoreClock
 .data.uwTickPrio
                0x0000000020000008        0x4 Drivers/STM32F1xx_HAL_Driver/Src/stm32f1xx_hal.o
                0x0000000020000008                uwTickPrio
 .data.uwTickFreq
                0x000000002000000c        0x1 Drivers/STM32F1xx_HAL_Driver/Src/stm32f1xx_hal.o
                0x000000002000000c                uwTickFreq
                0x0000000020000010                . = ALIGN (0x4)
 *fill*         0x000000002000000d        0x3 
                0x0000000020000010                _edata = .

.igot.plt       0x0000000020000010        0x0 load address 0x00000000080035c8
 .igot.plt      0x0000000020000010        0x0 c:/st/stm32cubeide_1.0.0/stm32cubeide/plugins/com.st.stm32cube.ide.mcu.externaltools.gnu-tools-for-stm32.7-2018-q2-update.win32_1.4.0.202007081208/tools/bin/../lib/gcc/arm-none-eabi/7.3.1/thumb/v7-m/crtbegin.o
                0x0000000020000010                . = ALIGN (0x4)

.bss            0x0000000020000010     0x21b4 load address 0x00000000080035c8
                0x0000000020000010                _sbss = .
                0x0000000020000010                __bss_start__ = _sbss
 *(.bss)
 .bss           0x0000000020000010       0x1c c:/st/stm32cubeide_1.0.0/stm32cubeide/plugins/com.st.stm32cube.ide.mcu.externaltools.gnu-tools-for-stm32.7-2018-q2-update.win32_1.4.0.202007081208/tools/bin/../lib/gcc/arm-none-eabi/7.3.1/thumb/v7-m/crtbegin.o
 *(.bss*)
 .bss.NumOfBLOCK
                0x000000002000002c        0x4 Core/Src/main.o
                0x000000002000002c                NumOfBLOCK
 .bss.uartReciev_flag
                0x0000000020000030        0x1 Core/Src/main.o
                0x0000000020000030                uartReciev_flag
 *(COMMON)
 *fill*         0x0000000020000031        0x3 
 COMMON         0x0000000020000034     0x218c Core/Src/main.o
                0x0000000020000034                htim4
                0x000000002000007c                hdma_usart1_rx
                0x00000000200000c0                huart1
                0x0000000020000104                headerInfo
                0x0000000020000134                Wave
                0x0000000020002134                htim2
                0x000000002000217c                hdma_tim4_ch1
 COMMON         0x00000000200021c0        0x4 Drivers/STM32F1xx_HAL_Driver/Src/stm32f1xx_hal.o
                0x00000000200021c0                uwTick
                0x00000000200021c4                . = ALIGN (0x4)
                0x00000000200021c4                _ebss = .
                0x00000000200021c4                __bss_end__ = _ebss

._user_heap_stack
                0x00000000200021c4      0x604 load address 0x00000000080035c8
                0x00000000200021c8                . = ALIGN (0x8)
 *fill*         0x00000000200021c4        0x4 
                [!provide]                        PROVIDE (end = .)
                0x00000000200021c8                PROVIDE (_end = .)
                0x00000000200023c8                . = (. + _Min_Heap_Size)
 *fill*         0x00000000200021c8      0x200 
                0x00000000200027c8                . = (. + _Min_Stack_Size)
 *fill*         0x00000000200023c8      0x400 
                0x00000000200027c8                . = ALIGN (0x8)

/DISCARD/
 libc.a(*)
 libm.a(*)
 libgcc.a(*)

.ARM.attributes
                0x0000000000000000       0x29
 *(.ARM.attributes)
 .ARM.attributes
                0x0000000000000000       0x1d c:/st/stm32cubeide_1.0.0/stm32cubeide/plugins/com.st.stm32cube.ide.mcu.externaltools.gnu-tools-for-stm32.7-2018-q2-update.win32_1.4.0.202007081208/tools/bin/../lib/gcc/arm-none-eabi/7.3.1/thumb/v7-m/crti.o
 .ARM.attributes
                0x000000000000001d       0x2d c:/st/stm32cubeide_1.0.0/stm32cubeide/plugins/com.st.stm32cube.ide.mcu.externaltools.gnu-tools-for-stm32.7-2018-q2-update.win32_1.4.0.202007081208/tools/bin/../lib/gcc/arm-none-eabi/7.3.1/thumb/v7-m/crtbegin.o
 .ARM.attributes
                0x000000000000004a       0x33 Core/Src/main.o
 .ARM.attributes
                0x000000000000007d       0x33 Core/Src/stm32f1xx_hal_msp.o
 .ARM.attributes
                0x00000000000000b0       0x33 Core/Src/stm32f1xx_it.o
 .ARM.attributes
                0x00000000000000e3       0x33 Core/Src/system_stm32f1xx.o
 .ARM.attributes
                0x0000000000000116       0x33 Core/Src/task.o
 .ARM.attributes
                0x0000000000000149       0x21 Core/Startup/startup_stm32f103c8tx.o
 .ARM.attributes
                0x000000000000016a       0x33 Drivers/STM32F1xx_HAL_Driver/Src/stm32f1xx_hal.o
 .ARM.attributes
                0x000000000000019d       0x33 Drivers/STM32F1xx_HAL_Driver/Src/stm32f1xx_hal_cortex.o
 .ARM.attributes
                0x00000000000001d0       0x33 Drivers/STM32F1xx_HAL_Driver/Src/stm32f1xx_hal_dma.o
 .ARM.attributes
                0x0000000000000203       0x33 Drivers/STM32F1xx_HAL_Driver/Src/stm32f1xx_hal_gpio.o
 .ARM.attributes
                0x0000000000000236       0x33 Drivers/STM32F1xx_HAL_Driver/Src/stm32f1xx_hal_rcc.o
 .ARM.attributes
                0x0000000000000269       0x33 Drivers/STM32F1xx_HAL_Driver/Src/stm32f1xx_hal_tim.o
 .ARM.attributes
                0x000000000000029c       0x33 Drivers/STM32F1xx_HAL_Driver/Src/stm32f1xx_hal_tim_ex.o
 .ARM.attributes
                0x00000000000002cf       0x33 Drivers/STM32F1xx_HAL_Driver/Src/stm32f1xx_hal_uart.o
 .ARM.attributes
                0x0000000000000302       0x2d c:/st/stm32cubeide_1.0.0/stm32cubeide/plugins/com.st.stm32cube.ide.mcu.externaltools.gnu-tools-for-stm32.7-2018-q2-update.win32_1.4.0.202007081208/tools/bin/../lib/gcc/arm-none-eabi/7.3.1/../../../../arm-none-eabi/lib/thumb/v7-m\libc_nano.a(lib_a-init.o)
 .ARM.attributes
                0x000000000000032f       0x2d c:/st/stm32cubeide_1.0.0/stm32cubeide/plugins/com.st.stm32cube.ide.mcu.externaltools.gnu-tools-for-stm32.7-2018-q2-update.win32_1.4.0.202007081208/tools/bin/../lib/gcc/arm-none-eabi/7.3.1/../../../../arm-none-eabi/lib/thumb/v7-m\libc_nano.a(lib_a-memset.o)
 .ARM.attributes
                0x000000000000035c       0x1d c:/st/stm32cubeide_1.0.0/stm32cubeide/plugins/com.st.stm32cube.ide.mcu.externaltools.gnu-tools-for-stm32.7-2018-q2-update.win32_1.4.0.202007081208/tools/bin/../lib/gcc/arm-none-eabi/7.3.1/thumb/v7-m/crtn.o
OUTPUT(Audio Signal With PWM.elf elf32-littlearm)

.debug_info     0x0000000000000000     0xb04e
 .debug_info    0x0000000000000000     0x19a0 Core/Src/main.o
 .debug_info    0x00000000000019a0      0xc6a Core/Src/stm32f1xx_hal_msp.o
 .debug_info    0x000000000000260a      0x447 Core/Src/stm32f1xx_it.o
 .debug_info    0x0000000000002a51      0x29a Core/Src/system_stm32f1xx.o
 .debug_info    0x0000000000002ceb      0x9f9 Core/Src/task.o
 .debug_info    0x00000000000036e4       0x22 Core/Startup/startup_stm32f103c8tx.o
 .debug_info    0x0000000000003706      0x714 Drivers/STM32F1xx_HAL_Driver/Src/stm32f1xx_hal.o
 .debug_info    0x0000000000003e1a      0xb51 Drivers/STM32F1xx_HAL_Driver/Src/stm32f1xx_hal_cortex.o
 .debug_info    0x000000000000496b      0x7b1 Drivers/STM32F1xx_HAL_Driver/Src/stm32f1xx_hal_dma.o
 .debug_info    0x000000000000511c      0x69b Drivers/STM32F1xx_HAL_Driver/Src/stm32f1xx_hal_gpio.o
 .debug_info    0x00000000000057b7      0x80f Drivers/STM32F1xx_HAL_Driver/Src/stm32f1xx_hal_rcc.o
 .debug_info    0x0000000000005fc6     0x27f1 Drivers/STM32F1xx_HAL_Driver/Src/stm32f1xx_hal_tim.o
 .debug_info    0x00000000000087b7     0x13ab Drivers/STM32F1xx_HAL_Driver/Src/stm32f1xx_hal_tim_ex.o
 .debug_info    0x0000000000009b62     0x14ec Drivers/STM32F1xx_HAL_Driver/Src/stm32f1xx_hal_uart.o

.debug_abbrev   0x0000000000000000     0x1a44
 .debug_abbrev  0x0000000000000000      0x2e3 Core/Src/main.o
 .debug_abbrev  0x00000000000002e3      0x1c6 Core/Src/stm32f1xx_hal_msp.o
 .debug_abbrev  0x00000000000004a9      0x149 Core/Src/stm32f1xx_it.o
 .debug_abbrev  0x00000000000005f2      0x134 Core/Src/system_stm32f1xx.o
 .debug_abbrev  0x0000000000000726      0x1ac Core/Src/task.o
 .debug_abbrev  0x00000000000008d2       0x12 Core/Startup/startup_stm32f103c8tx.o
 .debug_abbrev  0x00000000000008e4      0x1c7 Drivers/STM32F1xx_HAL_Driver/Src/stm32f1xx_hal.o
 .debug_abbrev  0x0000000000000aab      0x2d5 Drivers/STM32F1xx_HAL_Driver/Src/stm32f1xx_hal_cortex.o
 .debug_abbrev  0x0000000000000d80      0x1fe Drivers/STM32F1xx_HAL_Driver/Src/stm32f1xx_hal_dma.o
 .debug_abbrev  0x0000000000000f7e      0x1c0 Drivers/STM32F1xx_HAL_Driver/Src/stm32f1xx_hal_gpio.o
 .debug_abbrev  0x000000000000113e      0x243 Drivers/STM32F1xx_HAL_Driver/Src/stm32f1xx_hal_rcc.o
 .debug_abbrev  0x0000000000001381      0x230 Drivers/STM32F1xx_HAL_Driver/Src/stm32f1xx_hal_tim.o
 .debug_abbrev  0x00000000000015b1      0x236 Drivers/STM32F1xx_HAL_Driver/Src/stm32f1xx_hal_tim_ex.o
 .debug_abbrev  0x00000000000017e7      0x25d Drivers/STM32F1xx_HAL_Driver/Src/stm32f1xx_hal_uart.o

.debug_aranges  0x0000000000000000      0xc48
 .debug_aranges
                0x0000000000000000       0x88 Core/Src/main.o
 .debug_aranges
                0x0000000000000088       0x48 Core/Src/stm32f1xx_hal_msp.o
 .debug_aranges
                0x00000000000000d0       0x70 Core/Src/stm32f1xx_it.o
 .debug_aranges
                0x0000000000000140       0x28 Core/Src/system_stm32f1xx.o
 .debug_aranges
                0x0000000000000168       0x38 Core/Src/task.o
 .debug_aranges
                0x00000000000001a0       0x28 Core/Startup/startup_stm32f103c8tx.o
 .debug_aranges
                0x00000000000001c8       0xe0 Drivers/STM32F1xx_HAL_Driver/Src/stm32f1xx_hal.o
 .debug_aranges
                0x00000000000002a8      0x100 Drivers/STM32F1xx_HAL_Driver/Src/stm32f1xx_hal_cortex.o
 .debug_aranges
                0x00000000000003a8       0x80 Drivers/STM32F1xx_HAL_Driver/Src/stm32f1xx_hal_dma.o
 .debug_aranges
                0x0000000000000428       0x58 Drivers/STM32F1xx_HAL_Driver/Src/stm32f1xx_hal_gpio.o
 .debug_aranges
                0x0000000000000480       0x90 Drivers/STM32F1xx_HAL_Driver/Src/stm32f1xx_hal_rcc.o
 .debug_aranges
                0x0000000000000510      0x3d0 Drivers/STM32F1xx_HAL_Driver/Src/stm32f1xx_hal_tim.o
 .debug_aranges
                0x00000000000008e0      0x168 Drivers/STM32F1xx_HAL_Driver/Src/stm32f1xx_hal_tim_ex.o
 .debug_aranges
                0x0000000000000a48      0x200 Drivers/STM32F1xx_HAL_Driver/Src/stm32f1xx_hal_uart.o

.debug_ranges   0x0000000000000000      0xba0
 .debug_ranges  0x0000000000000000       0x78 Core/Src/main.o
 .debug_ranges  0x0000000000000078       0x38 Core/Src/stm32f1xx_hal_msp.o
 .debug_ranges  0x00000000000000b0       0x60 Core/Src/stm32f1xx_it.o
 .debug_ranges  0x0000000000000110       0x18 Core/Src/system_stm32f1xx.o
 .debug_ranges  0x0000000000000128       0x28 Core/Src/task.o
 .debug_ranges  0x0000000000000150       0x20 Core/Startup/startup_stm32f103c8tx.o
 .debug_ranges  0x0000000000000170       0xd0 Drivers/STM32F1xx_HAL_Driver/Src/stm32f1xx_hal.o
 .debug_ranges  0x0000000000000240       0xf0 Drivers/STM32F1xx_HAL_Driver/Src/stm32f1xx_hal_cortex.o
 .debug_ranges  0x0000000000000330       0x70 Drivers/STM32F1xx_HAL_Driver/Src/stm32f1xx_hal_dma.o
 .debug_ranges  0x00000000000003a0       0x48 Drivers/STM32F1xx_HAL_Driver/Src/stm32f1xx_hal_gpio.o
 .debug_ranges  0x00000000000003e8       0x80 Drivers/STM32F1xx_HAL_Driver/Src/stm32f1xx_hal_rcc.o
 .debug_ranges  0x0000000000000468      0x3c0 Drivers/STM32F1xx_HAL_Driver/Src/stm32f1xx_hal_tim.o
 .debug_ranges  0x0000000000000828      0x158 Drivers/STM32F1xx_HAL_Driver/Src/stm32f1xx_hal_tim_ex.o
 .debug_ranges  0x0000000000000980      0x220 Drivers/STM32F1xx_HAL_Driver/Src/stm32f1xx_hal_uart.o

.debug_macro    0x0000000000000000    0x17c68
 .debug_macro   0x0000000000000000      0x321 Core/Src/main.o
 .debug_macro   0x0000000000000321      0xa5a Core/Src/main.o
 .debug_macro   0x0000000000000d7b      0x221 Core/Src/main.o
 .debug_macro   0x0000000000000f9c       0x2e Core/Src/main.o
 .debug_macro   0x0000000000000fca       0x22 Core/Src/main.o
 .debug_macro   0x0000000000000fec       0x22 Core/Src/main.o
 .debug_macro   0x000000000000100e       0x8e Core/Src/main.o
 .debug_macro   0x000000000000109c       0x51 Core/Src/main.o
 .debug_macro   0x00000000000010ed       0xef Core/Src/main.o
 .debug_macro   0x00000000000011dc       0x6a Core/Src/main.o
 .debug_macro   0x0000000000001246      0x1df Core/Src/main.o
 .debug_macro   0x0000000000001425       0x1c Core/Src/main.o
 .debug_macro   0x0000000000001441       0x22 Core/Src/main.o
 .debug_macro   0x0000000000001463       0xc3 Core/Src/main.o
 .debug_macro   0x0000000000001526      0xd23 Core/Src/main.o
 .debug_macro   0x0000000000002249     0xe09e Core/Src/main.o
 .debug_macro   0x00000000000102e7       0x6d Core/Src/main.o
 .debug_macro   0x0000000000010354     0x3468 Core/Src/main.o
 .debug_macro   0x00000000000137bc      0x174 Core/Src/main.o
 .debug_macro   0x0000000000013930       0x5c Core/Src/main.o
 .debug_macro   0x000000000001398c      0x5be Core/Src/main.o
 .debug_macro   0x0000000000013f4a      0x289 Core/Src/main.o
 .debug_macro   0x00000000000141d3      0x1cb Core/Src/main.o
 .debug_macro   0x000000000001439e      0x114 Core/Src/main.o
 .debug_macro   0x00000000000144b2      0x1b2 Core/Src/main.o
 .debug_macro   0x0000000000014664       0x27 Core/Src/main.o
 .debug_macro   0x000000000001468b      0x136 Core/Src/main.o
 .debug_macro   0x00000000000147c1      0x1bc Core/Src/main.o
 .debug_macro   0x000000000001497d       0x34 Core/Src/main.o
 .debug_macro   0x00000000000149b1       0x3c Core/Src/main.o
 .debug_macro   0x00000000000149ed       0x57 Core/Src/main.o
 .debug_macro   0x0000000000014a44       0x88 Core/Src/main.o
 .debug_macro   0x0000000000014acc      0x241 Core/Src/main.o
 .debug_macro   0x0000000000014d0d      0x141 Core/Src/main.o
 .debug_macro   0x0000000000014e4e      0x8d1 Core/Src/main.o
 .debug_macro   0x000000000001571f      0x279 Core/Src/main.o
 .debug_macro   0x0000000000015998       0x83 Core/Src/main.o
 .debug_macro   0x0000000000015a1b       0x28 Core/Src/main.o
 .debug_macro   0x0000000000015a43      0x327 Core/Src/main.o
 .debug_macro   0x0000000000015d6a       0x46 Core/Src/main.o
 .debug_macro   0x0000000000015db0       0x18 Core/Src/main.o
 .debug_macro   0x0000000000015dc8       0x3c Core/Src/main.o
 .debug_macro   0x0000000000015e04       0x34 Core/Src/main.o
 .debug_macro   0x0000000000015e38       0x16 Core/Src/main.o
 .debug_macro   0x0000000000015e4e       0x35 Core/Src/main.o
 .debug_macro   0x0000000000015e83      0x32a Core/Src/main.o
 .debug_macro   0x00000000000161ad       0x10 Core/Src/main.o
 .debug_macro   0x00000000000161bd       0x52 Core/Src/main.o
 .debug_macro   0x000000000001620f       0x1f Core/Src/main.o
 .debug_macro   0x000000000001622e       0x43 Core/Src/main.o
 .debug_macro   0x0000000000016271       0x20 Core/Src/main.o
 .debug_macro   0x0000000000016291      0x1a3 Core/Src/main.o
 .debug_macro   0x0000000000016434       0x10 Core/Src/main.o
 .debug_macro   0x0000000000016444       0x1c Core/Src/main.o
 .debug_macro   0x0000000000016460       0x52 Core/Src/main.o
 .debug_macro   0x00000000000164b2       0x40 Core/Src/main.o
 .debug_macro   0x00000000000164f2       0x10 Core/Src/main.o
 .debug_macro   0x0000000000016502       0x40 Core/Src/main.o
 .debug_macro   0x0000000000016542       0xd7 Core/Src/main.o
 .debug_macro   0x0000000000016619       0x1c Core/Src/main.o
 .debug_macro   0x0000000000016635       0x3d Core/Src/main.o
 .debug_macro   0x0000000000016672       0x16 Core/Src/main.o
 .debug_macro   0x0000000000016688      0x145 Core/Src/main.o
 .debug_macro   0x00000000000167cd      0x1b2 Core/Src/stm32f1xx_hal_msp.o
 .debug_macro   0x000000000001697f      0x1bc Core/Src/stm32f1xx_it.o
 .debug_macro   0x0000000000016b3b      0x1a3 Core/Src/system_stm32f1xx.o
 .debug_macro   0x0000000000016cde      0x1cf Core/Src/task.o
 .debug_macro   0x0000000000016ead      0x1c7 Drivers/STM32F1xx_HAL_Driver/Src/stm32f1xx_hal.o
 .debug_macro   0x0000000000017074      0x1a3 Drivers/STM32F1xx_HAL_Driver/Src/stm32f1xx_hal_cortex.o
 .debug_macro   0x0000000000017217      0x1a3 Drivers/STM32F1xx_HAL_Driver/Src/stm32f1xx_hal_dma.o
 .debug_macro   0x00000000000173ba      0x20e Drivers/STM32F1xx_HAL_Driver/Src/stm32f1xx_hal_gpio.o
 .debug_macro   0x00000000000175c8      0x1b5 Drivers/STM32F1xx_HAL_Driver/Src/stm32f1xx_hal_rcc.o
 .debug_macro   0x000000000001777d      0x1a4 Drivers/STM32F1xx_HAL_Driver/Src/stm32f1xx_hal_tim.o
 .debug_macro   0x0000000000017921      0x1a3 Drivers/STM32F1xx_HAL_Driver/Src/stm32f1xx_hal_tim_ex.o
 .debug_macro   0x0000000000017ac4      0x1a4 Drivers/STM32F1xx_HAL_Driver/Src/stm32f1xx_hal_uart.o

.debug_line     0x0000000000000000     0x95af
 .debug_line    0x0000000000000000      0xa45 Core/Src/main.o
 .debug_line    0x0000000000000a45      0x70d Core/Src/stm32f1xx_hal_msp.o
 .debug_line    0x0000000000001152      0x73f Core/Src/stm32f1xx_it.o
 .debug_line    0x0000000000001891      0x69f Core/Src/system_stm32f1xx.o
 .debug_line    0x0000000000001f30      0x6b2 Core/Src/task.o
 .debug_line    0x00000000000025e2       0x87 Core/Startup/startup_stm32f103c8tx.o
 .debug_line    0x0000000000002669      0x852 Drivers/STM32F1xx_HAL_Driver/Src/stm32f1xx_hal.o
 .debug_line    0x0000000000002ebb      0x929 Drivers/STM32F1xx_HAL_Driver/Src/stm32f1xx_hal_cortex.o
 .debug_line    0x00000000000037e4      0xab7 Drivers/STM32F1xx_HAL_Driver/Src/stm32f1xx_hal_dma.o
 .debug_line    0x000000000000429b      0x84e Drivers/STM32F1xx_HAL_Driver/Src/stm32f1xx_hal_gpio.o
 .debug_line    0x0000000000004ae9      0x912 Drivers/STM32F1xx_HAL_Driver/Src/stm32f1xx_hal_rcc.o
 .debug_line    0x00000000000053fb     0x1fab Drivers/STM32F1xx_HAL_Driver/Src/stm32f1xx_hal_tim.o
 .debug_line    0x00000000000073a6     0x1147 Drivers/STM32F1xx_HAL_Driver/Src/stm32f1xx_hal_tim_ex.o
 .debug_line    0x00000000000084ed     0x10c2 Drivers/STM32F1xx_HAL_Driver/Src/stm32f1xx_hal_uart.o

.debug_str      0x0000000000000000    0x8ac47
 .debug_str     0x0000000000000000    0x88438 Core/Src/main.o
                                      0x88939 (size before relaxing)
 .debug_str     0x0000000000088438       0xd3 Core/Src/stm32f1xx_hal_msp.o
                                      0x83bcc (size before relaxing)
 .debug_str     0x000000000008850b       0xef Core/Src/stm32f1xx_it.o
                                      0x83673 (size before relaxing)
 .debug_str     0x00000000000885fa       0x52 Core/Src/system_stm32f1xx.o
                                      0x833a0 (size before relaxing)
 .debug_str     0x000000000008864c       0x9f Core/Src/task.o
                                      0x8416f (size before relaxing)
 .debug_str     0x00000000000886eb       0x36 Core/Startup/startup_stm32f103c8tx.o
                                         0x79 (size before relaxing)
 .debug_str     0x0000000000088721      0x304 Drivers/STM32F1xx_HAL_Driver/Src/stm32f1xx_hal.o
                                      0x83a31 (size before relaxing)
 .debug_str     0x0000000000088a25      0x300 Drivers/STM32F1xx_HAL_Driver/Src/stm32f1xx_hal_cortex.o
                                      0x83a39 (size before relaxing)
 .debug_str     0x0000000000088d25      0x1b8 Drivers/STM32F1xx_HAL_Driver/Src/stm32f1xx_hal_dma.o
                                      0x8377b (size before relaxing)
 .debug_str     0x0000000000088edd      0x31f Drivers/STM32F1xx_HAL_Driver/Src/stm32f1xx_hal_gpio.o
                                      0x83764 (size before relaxing)
 .debug_str     0x00000000000891fc      0x24f Drivers/STM32F1xx_HAL_Driver/Src/stm32f1xx_hal_rcc.o
                                      0x8379d (size before relaxing)
 .debug_str     0x000000000008944b      0xd68 Drivers/STM32F1xx_HAL_Driver/Src/stm32f1xx_hal_tim.o
                                      0x8476f (size before relaxing)
 .debug_str     0x000000000008a1b3      0x4ee Drivers/STM32F1xx_HAL_Driver/Src/stm32f1xx_hal_tim_ex.o
                                      0x83f20 (size before relaxing)
 .debug_str     0x000000000008a6a1      0x5a6 Drivers/STM32F1xx_HAL_Driver/Src/stm32f1xx_hal_uart.o
                                      0x83d8f (size before relaxing)

.comment        0x0000000000000000       0x7b
 .comment       0x0000000000000000       0x7b Core/Src/main.o
                                         0x7c (size before relaxing)
 .comment       0x000000000000007b       0x7c Core/Src/stm32f1xx_hal_msp.o
 .comment       0x000000000000007b       0x7c Core/Src/stm32f1xx_it.o
 .comment       0x000000000000007b       0x7c Core/Src/system_stm32f1xx.o
 .comment       0x000000000000007b       0x7c Core/Src/task.o
 .comment       0x000000000000007b       0x7c Drivers/STM32F1xx_HAL_Driver/Src/stm32f1xx_hal.o
 .comment       0x000000000000007b       0x7c Drivers/STM32F1xx_HAL_Driver/Src/stm32f1xx_hal_cortex.o
 .comment       0x000000000000007b       0x7c Drivers/STM32F1xx_HAL_Driver/Src/stm32f1xx_hal_dma.o
 .comment       0x000000000000007b       0x7c Drivers/STM32F1xx_HAL_Driver/Src/stm32f1xx_hal_gpio.o
 .comment       0x000000000000007b       0x7c Drivers/STM32F1xx_HAL_Driver/Src/stm32f1xx_hal_rcc.o
 .comment       0x000000000000007b       0x7c Drivers/STM32F1xx_HAL_Driver/Src/stm32f1xx_hal_tim.o
 .comment       0x000000000000007b       0x7c Drivers/STM32F1xx_HAL_Driver/Src/stm32f1xx_hal_tim_ex.o
 .comment       0x000000000000007b       0x7c Drivers/STM32F1xx_HAL_Driver/Src/stm32f1xx_hal_uart.o

.debug_frame    0x0000000000000000     0x3338
 .debug_frame   0x0000000000000000      0x1e4 Core/Src/main.o
 .debug_frame   0x00000000000001e4       0xec Core/Src/stm32f1xx_hal_msp.o
 .debug_frame   0x00000000000002d0      0x144 Core/Src/stm32f1xx_it.o
 .debug_frame   0x0000000000000414       0x58 Core/Src/system_stm32f1xx.o
 .debug_frame   0x000000000000046c       0xb0 Core/Src/task.o
 .debug_frame   0x000000000000051c      0x334 Drivers/STM32F1xx_HAL_Driver/Src/stm32f1xx_hal.o
 .debug_frame   0x0000000000000850      0x428 Drivers/STM32F1xx_HAL_Driver/Src/stm32f1xx_hal_cortex.o
 .debug_frame   0x0000000000000c78      0x208 Drivers/STM32F1xx_HAL_Driver/Src/stm32f1xx_hal_dma.o
 .debug_frame   0x0000000000000e80      0x14c Drivers/STM32F1xx_HAL_Driver/Src/stm32f1xx_hal_gpio.o
 .debug_frame   0x0000000000000fcc      0x21c Drivers/STM32F1xx_HAL_Driver/Src/stm32f1xx_hal_rcc.o
 .debug_frame   0x00000000000011e8     0x11b8 Drivers/STM32F1xx_HAL_Driver/Src/stm32f1xx_hal_tim.o
 .debug_frame   0x00000000000023a0      0x638 Drivers/STM32F1xx_HAL_Driver/Src/stm32f1xx_hal_tim_ex.o
 .debug_frame   0x00000000000029d8      0x914 Drivers/STM32F1xx_HAL_Driver/Src/stm32f1xx_hal_uart.o
 .debug_frame   0x00000000000032ec       0x2c c:/st/stm32cubeide_1.0.0/stm32cubeide/plugins/com.st.stm32cube.ide.mcu.externaltools.gnu-tools-for-stm32.7-2018-q2-update.win32_1.4.0.202007081208/tools/bin/../lib/gcc/arm-none-eabi/7.3.1/../../../../arm-none-eabi/lib/thumb/v7-m\libc_nano.a(lib_a-init.o)
 .debug_frame   0x0000000000003318       0x20 c:/st/stm32cubeide_1.0.0/stm32cubeide/plugins/com.st.stm32cube.ide.mcu.externaltools.gnu-tools-for-stm32.7-2018-q2-update.win32_1.4.0.202007081208/tools/bin/../lib/gcc/arm-none-eabi/7.3.1/../../../../arm-none-eabi/lib/thumb/v7-m\libc_nano.a(lib_a-memset.o)
